<html>
<body>
<pre>
<h1>礦ision Build Log</h1>
<h2>Tool Versions:</h2>
IDE-Version: μVision V5.36.0.0
Copyright (C) 2021 ARM Ltd and ARM Germany GmbH. All rights reserved.
License Information: 1 DELL, 1, LIC=FYKYW-QEBHR-8T33P-MPVUJ-JLC2W-EWC20
 
Tool Versions:
Toolchain:       MDK-ARM Plus  Version: 5.36.0.0
Toolchain Path:  D:\Keil_v5\ARM\ARMCC\Bin
C Compiler:      Armcc.exe V5.06 update 7 (build 960)
Assembler:       Armasm.exe V5.06 update 7 (build 960)
Linker/Locator:  ArmLink.exe V5.06 update 7 (build 960)
Library Manager: ArmAr.exe V5.06 update 7 (build 960)
Hex Converter:   FromElf.exe V5.06 update 7 (build 960)
CPU DLL:         SARMCM3.DLL V5.36.0.0
Dialog DLL:      DCM.DLL V1.17.3.0
Target DLL:      Segger\JL2CM3.dll V2.99.40.0
Dialog DLL:      TCM.DLL V1.53.0.0
 
<h2>Project:</h2>
C:\Users\DELL\Desktop\3channel-tim-adc-dma-\MDK-ARM\adcsdcard.uvprojx
Project File Date:  11/29/2025

<h2>Output:</h2>
*** Using Compiler 'V5.06 update 7 (build 960)', folder: 'D:\Keil_v5\ARM\ARMCC\Bin'
Build target 'adcsdcard'
compiling main.c...
../Core/Src/main.c(154): warning:  #1035-D: single-precision operand implicitly converted to double-precision
      return 10.0 + (float)(rand() % 60) / 10.0;  // 10.0~15.9
../Core/Src/main.c(200): warning:  #167-D: argument of type "uint32_t *" is incompatible with parameter of type "DWORD *"
      res = f_getfree("0:", &free1, &fs_ptr);										//getSD空余空间
../Core/Src/main.c(276): warning:  #167-D: argument of type "volatile uint16_t *" is incompatible with parameter of type "uint16_t *"
  										ProcessBuffer(ADC_BUFA, BufA_start_us,0);     //900us
../Core/Src/main.c(280): warning:  #167-D: argument of type "volatile uint16_t *" is incompatible with parameter of type "uint16_t *"
  										ProcessBuffer(ADC_BUFB, BufB_start_us,0);
../Core/Src/main.c(285): warning:  #167-D: argument of type "volatile uint16_t *" is incompatible with parameter of type "uint16_t *"
  										ProcessBuffer(ADC_BUFC, BufC_start_us,1);     //
../Core/Src/main.c(291): warning:  #167-D: argument of type "volatile uint16_t *" is incompatible with parameter of type "uint16_t *"
  										ProcessBuffer(ADC_BUFD, BufD_start_us,1);
../Core/Src/main.c(297): warning:  #167-D: argument of type "volatile uint16_t *" is incompatible with parameter of type "uint16_t *"
  										ProcessBuffer(ADC_BUFE, BufE_start_us,2);     //
../Core/Src/main.c(303): warning:  #167-D: argument of type "volatile uint16_t *" is incompatible with parameter of type "uint16_t *"
  										ProcessBuffer(ADC_BUFF, BufF_start_us,2);
../Core/Src/main.c(517): warning:  #177-D: variable "fno"  was declared but never referenced
  	FILINFO fno;  // 文件信息结构体（用于判断文件是否存在）
../Core/Src/main.c(525): warning:  #550-D: variable "write_len"  was set but never used
  	uint16_t write_len;
../Core/Src/main.c(120): warning:  #177-D: variable "sd_write_count"  was declared but never referenced
  static uint32_t sd_write_count = 0;
../Core/Src/main.c: 11 warnings, 0 errors
linking...
Program Size: Code=33808 RO-data=568 RW-data=168 ZI-data=19720  
FromELF: creating hex file...
"adcsdcard\adcsdcard.axf" - 0 Error(s), 11 Warning(s).

<h2>Software Packages used:</h2>

Package Vendor: ARM
                http://www.keil.com/pack/ARM.CMSIS.5.8.0.pack
                ARM.CMSIS.5.8.0
                CMSIS (Common Microcontroller Software Interface Standard)
   * Component: CORE Version: 5.5.0

Package Vendor: Keil
                https://www.keil.com/pack/Keil.STM32F4xx_DFP.3.1.1.pack
                Keil.STM32F4xx_DFP.3.1.1
                STMicroelectronics STM32F4 Series Device Support

<h2>Collection of Component include folders:</h2>
  .\RTE\_adcsdcard
  D:\Users\DELL\AppData\Local\Arm\Packs\ARM\CMSIS\5.8.0\CMSIS\Core\Include

<h2>Collection of Component Files used:</h2>

   * Component: ARM::CMSIS:CORE:5.5.0
      Include file:  CMSIS\Core\Include\tz_context.h
Build Time Elapsed:  00:00:02
</pre>
</body>
</html>
